/home/liyan/Documents/github/signal-trace/.venv/lib/python3.12/site-packages/fastapi/testclient.py:1: StarletteDeprecationWarning: Using `httpx` with `starlette.testclient` is deprecated; install `httpx2` instead.
  from starlette.testclient import TestClient as TestClient  # noqa
test_configuration_and_iteration_validation (test_agent.AgentTests.test_configuration_and_iteration_validation) ... ok
test_end_to_end_state_evidence_hypotheses_and_result (test_agent.AgentTests.test_end_to_end_state_evidence_hypotheses_and_result) ... ok
test_info_messages_alone_do_not_establish_dependency_health (test_agent.AgentTests.test_info_messages_alone_do_not_establish_dependency_health) ... ok
test_invalid_output_and_unknown_citations_rejected (test_agent.AgentTests.test_invalid_output_and_unknown_citations_rejected) ... ok
test_iteration_limit_returns_valid_incomplete_triage (test_agent.AgentTests.test_iteration_limit_returns_valid_incomplete_triage) ... ok
test_missing_dependency_data_is_not_healthy (test_agent.AgentTests.test_missing_dependency_data_is_not_healthy) ... ok
test_model_cannot_mutate_runtime_state_or_rewrite_final_evidence (test_agent.AgentTests.test_model_cannot_mutate_runtime_state_or_rewrite_final_evidence) ... ok
test_new_contradicting_dependency_evidence_revises_hypothesis (test_agent.AgentTests.test_new_contradicting_dependency_evidence_revises_hypothesis) ... ok
test_no_evidence_yields_unknown_result (test_agent.AgentTests.test_no_evidence_yields_unknown_result) ... ok
test_no_file_reads_with_in_memory_tools (test_agent.AgentTests.test_no_file_reads_with_in_memory_tools) ... ok
test_ollama_transport_contract_mocked_only (test_agent.AgentTests.test_ollama_transport_contract_mocked_only) ... ok
test_preexisting_errors_contradict_deployment_regression (test_agent.AgentTests.test_preexisting_errors_contradict_deployment_regression) ... ok
test_provenance_exactly_matches_tool_records (test_agent.AgentTests.test_provenance_exactly_matches_tool_records) ... ok
test_real_source_reads_only_through_tool_layer_never_evaluation (test_agent.AgentTests.test_real_source_reads_only_through_tool_layer_never_evaluation) ... ok
test_repeated_calls_deduplicate_evidence_and_preserve_measurements (test_agent.AgentTests.test_repeated_calls_deduplicate_evidence_and_preserve_measurements) ... ok
test_runbook_chunks_keep_distinct_provenance (test_agent.AgentTests.test_runbook_chunks_keep_distinct_provenance) ... ok
test_service_names_and_versions_are_derived_from_tools (test_agent.AgentTests.test_service_names_and_versions_are_derived_from_tools) ... ok
test_timing_alone_does_not_establish_deployment_cause (test_agent.AgentTests.test_timing_alone_does_not_establish_deployment_cause) ... ok
test_tool_selection_is_replaceable_and_arguments_validated (test_agent.AgentTests.test_tool_selection_is_replaceable_and_arguments_validated) ... ok
test_tools_are_invoked_with_incident_arguments_and_dependency_branch (test_agent.AgentTests.test_tools_are_invoked_with_incident_arguments_and_dependency_branch) ... ok
test_triage_endpoint_offline (test_agent.AgentTests.test_triage_endpoint_offline) ... ok
test_configured_semantic_retrieval_enters_agent_state_without_fallback (test_agent_semantic.AgentSemanticIntegrationTests.test_configured_semantic_retrieval_enters_agent_state_without_fallback) ... ok
test_acceptance_does_not_load_evidence_or_evaluation (test_backend.BackendTests.test_acceptance_does_not_load_evidence_or_evaluation) ... ok
test_accepts_existing_incident (test_backend.BackendTests.test_accepts_existing_incident) ... ok
test_accepts_interval_and_threshold_boundaries (test_backend.BackendTests.test_accepts_interval_and_threshold_boundaries) ... ok
test_configuration_from_environment (test_backend.BackendTests.test_configuration_from_environment) ... ok
test_future_triage_response_contract (test_backend.BackendTests.test_future_triage_response_contract) ... ok
test_health (test_backend.BackendTests.test_health) ... ok
test_invalid_alert_fields (test_backend.BackendTests.test_invalid_alert_fields) ... ok
test_invalid_incident_fields (test_backend.BackendTests.test_invalid_incident_fields) ... ok
test_missing_required_fields (test_backend.BackendTests.test_missing_required_fields) ... ok
test_openapi_exposes_request_and_acknowledgement (test_backend.BackendTests.test_openapi_exposes_request_and_acknowledgement) ... ok
test_rejects_malformed_or_missing_body (test_backend.BackendTests.test_rejects_malformed_or_missing_body) ... ok
test_deployment_regression_timeline (test_environment.EnvironmentTests.test_deployment_regression_timeline) ... ok
test_environment_validates (test_environment.EnvironmentTests.test_environment_validates) ... ok
test_rejects_duplicate_ids (test_environment.EnvironmentTests.test_rejects_duplicate_ids) ... ok
test_rejects_inconsistent_rate (test_environment.EnvironmentTests.test_rejects_inconsistent_rate) ... ok
test_rejects_invalid_timestamp (test_environment.EnvironmentTests.test_rejects_invalid_timestamp) ... ok
test_rejects_missing_evidence (test_environment.EnvironmentTests.test_rejects_missing_evidence) ... ok
test_rejects_premature_alert (test_environment.EnvironmentTests.test_rejects_premature_alert) ... ok
test_rejects_unknown_service (test_environment.EnvironmentTests.test_rejects_unknown_service) ... ok
test_chunking_is_bounded_repeatable_and_content_addressed (test_retrieval.RetrievalTests.test_chunking_is_bounded_repeatable_and_content_addressed) ... ok
test_corpus_excludes_scenarios_and_evaluation (test_retrieval.RetrievalTests.test_corpus_excludes_scenarios_and_evaluation) ... ok
test_empty_and_no_match (test_retrieval.RetrievalTests.test_empty_and_no_match) ... ok
test_environment_configuration_routes_tool_to_semantic_retriever (test_retrieval.RetrievalTests.test_environment_configuration_routes_tool_to_semantic_retriever) ... ok
test_ingestion_and_metadata (test_retrieval.RetrievalTests.test_ingestion_and_metadata) ... ok
test_invalid_embeddings_are_rejected_before_storage (test_retrieval.RetrievalTests.test_invalid_embeddings_are_rejected_before_storage) ... ok
test_invalid_request_fails_before_embedding (test_retrieval.RetrievalTests.test_invalid_request_fails_before_embedding) ... ok
test_oversized_sentence_has_no_lost_words_and_is_flagged (test_retrieval.RetrievalTests.test_oversized_sentence_has_no_lost_words_and_is_flagged) ... ok
test_runbook_steps_keep_context_and_complete_instructions (test_retrieval.RetrievalTests.test_runbook_steps_keep_context_and_complete_instructions) ... ok
test_score_threshold_validation (test_retrieval.RetrievalTests.test_score_threshold_validation) ... ok
test_search_uses_no_ingestion_or_operational_file_reads (test_retrieval.RetrievalTests.test_search_uses_no_ingestion_or_operational_file_reads) ... ok
test_section_identifiers_are_consistent (test_retrieval.RetrievalTests.test_section_identifiers_are_consistent) ... ok
test_sentence_boundaries_and_repeated_headings (test_retrieval.RetrievalTests.test_sentence_boundaries_and_repeated_headings) ... ok
test_service_top_k_and_deterministic_ties (test_retrieval.RetrievalTests.test_service_top_k_and_deterministic_ties) ... ok
test_tool_does_not_fallback_on_semantic_failure (test_retrieval.RetrievalTests.test_tool_does_not_fallback_on_semantic_failure) ... ok
test_tool_preserves_legacy_fields_and_adds_chunk_fields (test_retrieval.RetrievalTests.test_tool_preserves_legacy_fields_and_adds_chunk_fields) ... ok
test_tool_top_k_validation (test_retrieval.RetrievalTests.test_tool_top_k_validation) ... ok
test_fixed_judgments_are_separate_from_corpus (test_retrieval_evaluation.RetrievalEvaluationTests.test_fixed_judgments_are_separate_from_corpus) ... ok
test_metrics_count_misses_and_exclude_negative_queries (test_retrieval_evaluation.RetrievalEvaluationTests.test_metrics_count_misses_and_exclude_negative_queries) ... ok
test_cosine_filter_top_k_and_tie_order (test_retrieval_postgres.PostgresRetrievalTests.test_cosine_filter_top_k_and_tie_order) ... ok
test_embedding_model_and_dimension_mismatch (test_retrieval_postgres.PostgresRetrievalTests.test_embedding_model_and_dimension_mismatch) ... ok
test_failed_transaction_retains_previous_corpus (test_retrieval_postgres.PostgresRetrievalTests.test_failed_transaction_retains_previous_corpus) ... ok
test_reingestion_replaces_stale_chunks_and_empty_corpus (test_retrieval_postgres.PostgresRetrievalTests.test_reingestion_replaces_stale_chunks_and_empty_corpus) ... ok
test_search_with_select_only_database_role (test_retrieval_postgres.PostgresRetrievalTests.test_search_with_select_only_database_role) ... ok
test_real_semantic_match_without_exact_words (test_retrieval_postgres.RealSemanticRetrievalTests.test_real_semantic_match_without_exact_words) ... ok
test_real_service_top_k_empty_and_tool_contract (test_retrieval_postgres.RealSemanticRetrievalTests.test_real_service_top_k_empty_and_tool_contract) ... ok
test_second_query_returns_operational_guidance (test_retrieval_postgres.RealSemanticRetrievalTests.test_second_query_returns_operational_guidance) ... ok
test_all_input_and_output_json_schemas_and_roundtrips (test_tool_contracts.ToolContractTests.test_all_input_and_output_json_schemas_and_roundtrips) ... ok
test_all_metric_names_and_units (test_tool_contracts.ToolContractTests.test_all_metric_names_and_units) ... ok
test_all_tools_work_with_normalized_memory_source_without_files (test_tool_contracts.ToolContractTests.test_all_tools_work_with_normalized_memory_source_without_files) ... ok
test_empty_required_fixture_is_data_error (test_tool_contracts.ToolContractTests.test_empty_required_fixture_is_data_error) ... ok
test_empty_source_and_isolated_known_service (test_tool_contracts.ToolContractTests.test_empty_source_and_isolated_known_service) ... ok
test_fixtures_unchanged_after_all_calls (test_tool_contracts.ToolContractTests.test_fixtures_unchanged_after_all_calls) ... ok
test_invalid_optional_parameters_and_since (test_tool_contracts.ToolContractTests.test_invalid_optional_parameters_and_since) ... ok
test_invalid_services_for_every_tool_before_io (test_tool_contracts.ToolContractTests.test_invalid_services_for_every_tool_before_io) ... ok
test_invalid_source_schema_is_data_error (test_tool_contracts.ToolContractTests.test_invalid_source_schema_is_data_error) ... ok
test_malformed_data_for_every_tool (test_tool_contracts.ToolContractTests.test_malformed_data_for_every_tool) ... ok
test_malformed_json_is_data_error (test_tool_contracts.ToolContractTests.test_malformed_json_is_data_error) ... ok
test_missing_data_for_every_tool (test_tool_contracts.ToolContractTests.test_missing_data_for_every_tool) ... ok
test_offset_times_and_deployment_exclusion (test_tool_contracts.ToolContractTests.test_offset_times_and_deployment_exclusion) ... ok
test_runbooks_match_content_and_all_applicable_services (test_tool_contracts.ToolContractTests.test_runbooks_match_content_and_all_applicable_services) ... ok
test_dependencies_direct_and_upstream (test_tools.ToolTests.test_dependencies_direct_and_upstream) ... ok
test_deployments_since_inclusive_and_order (test_tools.ToolTests.test_deployments_since_inclusive_and_order) ... ok
test_empty_time_results (test_tools.ToolTests.test_empty_time_results) ... ok
test_invalid_parameters (test_tools.ToolTests.test_invalid_parameters) ... ok
test_invalid_times (test_tools.ToolTests.test_invalid_times) ... ok
test_level_and_keyword (test_tools.ToolTests.test_level_and_keyword) ... ok
test_log_time_boundaries (test_tools.ToolTests.test_log_time_boundaries) ... ok
test_metric_normalization (test_tools.ToolTests.test_metric_normalization) ... ok
test_metric_time_and_service_filter (test_tools.ToolTests.test_metric_time_and_service_filter) ... ok
test_normalized_logs_and_service_filter (test_tools.ToolTests.test_normalized_logs_and_service_filter) ... ok
test_read_only_and_evaluation_isolation (test_tools.ToolTests.test_read_only_and_evaluation_isolation) ... ok
test_results_are_independent_and_serializable (test_tools.ToolTests.test_results_are_independent_and_serializable) ... ok
test_runbook_retrieval (test_tools.ToolTests.test_runbook_retrieval) ... ok
test_source_can_be_replaced (test_tools.ToolTests.test_source_can_be_replaced) ... ok
test_source_errors_are_explicit (test_tools.ToolTests.test_source_errors_are_explicit) ... ok
test_timezone_normalization (test_tools.ToolTests.test_timezone_normalization) ... ok
test_unknown_services (test_tools.ToolTests.test_unknown_services) ... ok

----------------------------------------------------------------------
Ran 99 tests in 7.438s

OK
